[11:28:31.161] [INFO] storybook v10.5.5
[11:28:31.348] [ERROR] [38;2;241;97;97mSB_CORE-SERVER_0007 (MainFileEvaluationError): Storybook couldn't evaluate your [33m.storybook/main.ts[39m file.

Original error:
[37mError [ERR_MODULE_NOT_FOUND]: Cannot find package '@storybook-astro/components' imported from /.storybook/main.ts
    at Object.getPackageJSONURL (node:internal/modules/package_json_reader:301:9)
    at packageResolve (node:internal/modules/esm/resolve:768:81)
    at moduleResolve (node:internal/modules/esm/resolve:859:18)
    at defaultResolve (node:internal/modules/esm/resolve:991:11)
    at nextResolve (node:internal/modules/esm/hooks:785:28)
    at AsyncLoaderHooksOnLoaderHookWorker.resolve (node:internal/modules/esm/hooks:269:30)
    at MessagePort.handleMessage (node:internal/modules/esm/worker:251:24)
    at [nodejs.internal.kHybridDispatch] (node:internal/event_target:843:20)
    at MessagePort.<anonymous> (node:internal/per_context/messageport:23:28)[39m[39m
    at loadMainConfig (file://./node_modules/storybook/dist/_node-chunks/chunk-WW5TKTXG.js:14588:11)
    at async buildDevStandalone (file://./node_modules/storybook/dist/core-server/index.js:11910:16)
    at async withTelemetry (file://./node_modules/storybook/dist/_node-chunks/chunk-EIY3KIFG.js:1785:12)
    at async dev (file://./node_modules/storybook/dist/bin/core.js:3850:3)
    at async _Command.<anonymous> (file://./node_modules/storybook/dist/bin/core.js:3958:3)
[11:28:31.350] [WARN] Broken build, fix the error above.
You may need to refresh the browser.
[11:28:31.351] [WARN]   Failed to load preset: "/Users/m31939/Developer/its-jpo-website/github-public/ITS-JPO-Astro-Public/.storybook/main.ts"
[11:28:31.352] [ERROR] Error [ERR_MODULE_NOT_FOUND]: Cannot find package '@storybook-astro/components' imported from ./.storybook/main.ts
    at Object.getPackageJSONURL (node:internal/modules/package_json_reader:301:9)
    at packageResolve (node:internal/modules/esm/resolve:768:81)
    at moduleResolve (node:internal/modules/esm/resolve:859:18)
    at defaultResolve (node:internal/modules/esm/resolve:991:11)
    at nextResolve (node:internal/modules/esm/hooks:785:28)
    at AsyncLoaderHooksOnLoaderHookWorker.resolve (node:internal/modules/esm/hooks:269:30)
    at MessagePort.handleMessage (node:internal/modules/esm/worker:251:24)
    at [nodejs.internal.kHybridDispatch] (node:internal/event_target:843:20)
    at MessagePort.<anonymous> (node:internal/per_context/messageport:23:28)
[11:28:58.355] [PROMPT] Would you like to send anonymous crash reports to improve Storybook and fix bugs faster? {"choice":false}